Info: Starting: Create HDL design files for synthesis
Info: qsys-generate /homes/user/stud/fall22/sm5169/Documents/embedded/Embedded-System-Final-Project/lab3-hw/soc_system.qsys --synthesis=VERILOG --output-directory=/homes/user/stud/fall22/sm5169/Documents/embedded/Embedded-System-Final-Project/lab3-hw/soc_system/synthesis --family="Cyclone V" --part=5CSEMA5F31C6
Progress: Loading lab3-hw/soc_system.qsys
Progress: Reading input file
Progress: Adding apple_sprite [altera_avalon_onchip_memory2 21.1]
Progress: Parameterizing module apple_sprite
Progress: Adding clk_0 [clock_source 21.1]
Progress: Parameterizing module clk_0
Progress: Adding hps_0 [altera_hps 21.1]
Progress: Parameterizing module hps_0
Progress: Adding snake_body_bottomleft_sprite [altera_avalon_onchip_memory2 21.1]
Progress: Parameterizing module snake_body_bottomleft_sprite
Progress: Adding snake_body_bottomright_sprite [altera_avalon_onchip_memory2 21.1]
Progress: Parameterizing module snake_body_bottomright_sprite
Progress: Adding snake_body_horizontal_sprite [altera_avalon_onchip_memory2 21.1]
Progress: Parameterizing module snake_body_horizontal_sprite
Progress: Adding snake_body_topleft_sprite [altera_avalon_onchip_memory2 21.1]
Progress: Parameterizing module snake_body_topleft_sprite
Progress: Adding snake_body_topright_sprite [altera_avalon_onchip_memory2 21.1]
Progress: Parameterizing module snake_body_topright_sprite
Progress: Adding snake_body_vertical_sprite [altera_avalon_onchip_memory2 21.1]
Progress: Parameterizing module snake_body_vertical_sprite
Progress: Adding snake_head_down_sprite [altera_avalon_onchip_memory2 21.1]
Progress: Parameterizing module snake_head_down_sprite
Progress: Adding snake_head_left_sprite [altera_avalon_onchip_memory2 21.1]
Progress: Parameterizing module snake_head_left_sprite
Progress: Adding snake_head_right_sprite [altera_avalon_onchip_memory2 21.1]
Progress: Parameterizing module snake_head_right_sprite
Progress: Adding snake_head_up_sprite [altera_avalon_onchip_memory2 21.1]
Progress: Parameterizing module snake_head_up_sprite
Progress: Adding snake_tail_down_sprite [altera_avalon_onchip_memory2 21.1]
Progress: Parameterizing module snake_tail_down_sprite
Progress: Adding snake_tail_left_sprite [altera_avalon_onchip_memory2 21.1]
Progress: Parameterizing module snake_tail_left_sprite
Progress: Adding snake_tail_right_sprite [altera_avalon_onchip_memory2 21.1]
Progress: Parameterizing module snake_tail_right_sprite
Progress: Adding snake_tail_up_sprite [altera_avalon_onchip_memory2 21.1]
Progress: Parameterizing module snake_tail_up_sprite
Progress: Adding vga_ball_0 [vga_ball 1.0]
Progress: Parameterizing module vga_ball_0
Progress: Adding wall_sprite [altera_avalon_onchip_memory2 21.1]
Progress: Parameterizing module wall_sprite
Progress: Building connections
Progress: Parameterizing connections
Progress: Validating
Progress: Done reading input file
Info: soc_system.hps_0: HPS Main PLL counter settings: n = 0  m = 73
Info: soc_system.hps_0: HPS peripherial PLL counter settings: n = 0  m = 39
Info: soc_system: Generating soc_system "soc_system" for QUARTUS_SYNTH
Info: Interconnect is inserted between master hps_0.h2f_axi_master and slave snake_tail_up_sprite.s1 because the master is of type axi and the slave is of type avalon.
Info: Interconnect is inserted between master hps_0.h2f_lw_axi_master and slave vga_ball_0.avalon_slave_0 because the master is of type axi and the slave is of type avalon.
Warning: hps_0.f2h_irq0: Cannot connect clock for irq_mapper.sender
Warning: hps_0.f2h_irq0: Cannot connect reset for irq_mapper.sender
Warning: hps_0.f2h_irq1: Cannot connect clock for irq_mapper_001.sender
Warning: hps_0.f2h_irq1: Cannot connect reset for irq_mapper_001.sender
Info: apple_sprite: Starting RTL generation for module 'soc_system_apple_sprite'
Info: apple_sprite:   Generation command is [exec /tools/intel/intelFPGA/21.1/quartus/linux64/perl/bin/perl -I /tools/intel/intelFPGA/21.1/quartus/linux64/perl/lib -I /tools/intel/intelFPGA/21.1/quartus/sopc_builder/bin/europa -I /tools/intel/intelFPGA/21.1/quartus/sopc_builder/bin -I /tools/intel/intelFPGA/21.1/quartus/../ip/altera/sopc_builder_ip/common -I /tools/intel/intelFPGA/21.1/quartus/../ip/altera/sopc_builder_ip/altera_avalon_onchip_memory2 -- /tools/intel/intelFPGA/21.1/quartus/../ip/altera/sopc_builder_ip/altera_avalon_onchip_memory2/generate_rtl.pl --name=soc_system_apple_sprite --dir=/tmp/alt9842_6298111097788293656.dir/0002_apple_sprite_gen/ --quartus_dir=/tools/intel/intelFPGA/21.1/quartus --verilog --config=/tmp/alt9842_6298111097788293656.dir/0002_apple_sprite_gen//soc_system_apple_sprite_component_configuration.pl  --do_build_sim=0  ]
Info: apple_sprite: Done RTL generation for module 'soc_system_apple_sprite'
Info: apple_sprite: "soc_system" instantiated altera_avalon_onchip_memory2 "apple_sprite"
Info: hps_0: "Running  for module: hps_0"
Info: hps_0: HPS Main PLL counter settings: n = 0  m = 73
Info: hps_0: HPS peripherial PLL counter settings: n = 0  m = 39
Info: hps_0: "soc_system" instantiated altera_hps "hps_0"
Info: snake_body_bottomleft_sprite: Starting RTL generation for module 'soc_system_snake_body_bottomleft_sprite'
Info: snake_body_bottomleft_sprite:   Generation command is [exec /tools/intel/intelFPGA/21.1/quartus/linux64/perl/bin/perl -I /tools/intel/intelFPGA/21.1/quartus/linux64/perl/lib -I /tools/intel/intelFPGA/21.1/quartus/sopc_builder/bin/europa -I /tools/intel/intelFPGA/21.1/quartus/sopc_builder/bin -I /tools/intel/intelFPGA/21.1/quartus/../ip/altera/sopc_builder_ip/common -I /tools/intel/intelFPGA/21.1/quartus/../ip/altera/sopc_builder_ip/altera_avalon_onchip_memory2 -- /tools/intel/intelFPGA/21.1/quartus/../ip/altera/sopc_builder_ip/altera_avalon_onchip_memory2/generate_rtl.pl --name=soc_system_snake_body_bottomleft_sprite --dir=/tmp/alt9842_6298111097788293656.dir/0003_snake_body_bottomleft_sprite_gen/ --quartus_dir=/tools/intel/intelFPGA/21.1/quartus --verilog --config=/tmp/alt9842_6298111097788293656.dir/0003_snake_body_bottomleft_sprite_gen//soc_system_snake_body_bottomleft_sprite_component_configuration.pl  --do_build_sim=0  ]
Info: snake_body_bottomleft_sprite: Done RTL generation for module 'soc_system_snake_body_bottomleft_sprite'
Info: snake_body_bottomleft_sprite: "soc_system" instantiated altera_avalon_onchip_memory2 "snake_body_bottomleft_sprite"
Info: snake_body_bottomright_sprite: Starting RTL generation for module 'soc_system_snake_body_bottomright_sprite'
Info: snake_body_bottomright_sprite:   Generation command is [exec /tools/intel/intelFPGA/21.1/quartus/linux64/perl/bin/perl -I /tools/intel/intelFPGA/21.1/quartus/linux64/perl/lib -I /tools/intel/intelFPGA/21.1/quartus/sopc_builder/bin/europa -I /tools/intel/intelFPGA/21.1/quartus/sopc_builder/bin -I /tools/intel/intelFPGA/21.1/quartus/../ip/altera/sopc_builder_ip/common -I /tools/intel/intelFPGA/21.1/quartus/../ip/altera/sopc_builder_ip/altera_avalon_onchip_memory2 -- /tools/intel/intelFPGA/21.1/quartus/../ip/altera/sopc_builder_ip/altera_avalon_onchip_memory2/generate_rtl.pl --name=soc_system_snake_body_bottomright_sprite --dir=/tmp/alt9842_6298111097788293656.dir/0004_snake_body_bottomright_sprite_gen/ --quartus_dir=/tools/intel/intelFPGA/21.1/quartus --verilog --config=/tmp/alt9842_6298111097788293656.dir/0004_snake_body_bottomright_sprite_gen//soc_system_snake_body_bottomright_sprite_component_configuration.pl  --do_build_sim=0  ]
Info: snake_body_bottomright_sprite: Done RTL generation for module 'soc_system_snake_body_bottomright_sprite'
Info: snake_body_bottomright_sprite: "soc_system" instantiated altera_avalon_onchip_memory2 "snake_body_bottomright_sprite"
Info: snake_body_horizontal_sprite: Starting RTL generation for module 'soc_system_snake_body_horizontal_sprite'
Info: snake_body_horizontal_sprite:   Generation command is [exec /tools/intel/intelFPGA/21.1/quartus/linux64/perl/bin/perl -I /tools/intel/intelFPGA/21.1/quartus/linux64/perl/lib -I /tools/intel/intelFPGA/21.1/quartus/sopc_builder/bin/europa -I /tools/intel/intelFPGA/21.1/quartus/sopc_builder/bin -I /tools/intel/intelFPGA/21.1/quartus/../ip/altera/sopc_builder_ip/common -I /tools/intel/intelFPGA/21.1/quartus/../ip/altera/sopc_builder_ip/altera_avalon_onchip_memory2 -- /tools/intel/intelFPGA/21.1/quartus/../ip/altera/sopc_builder_ip/altera_avalon_onchip_memory2/generate_rtl.pl --name=soc_system_snake_body_horizontal_sprite --dir=/tmp/alt9842_6298111097788293656.dir/0005_snake_body_horizontal_sprite_gen/ --quartus_dir=/tools/intel/intelFPGA/21.1/quartus --verilog --config=/tmp/alt9842_6298111097788293656.dir/0005_snake_body_horizontal_sprite_gen//soc_system_snake_body_horizontal_sprite_component_configuration.pl  --do_build_sim=0  ]
Info: snake_body_horizontal_sprite: Done RTL generation for module 'soc_system_snake_body_horizontal_sprite'
Info: snake_body_horizontal_sprite: "soc_system" instantiated altera_avalon_onchip_memory2 "snake_body_horizontal_sprite"
Info: snake_body_topleft_sprite: Starting RTL generation for module 'soc_system_snake_body_topleft_sprite'
Info: snake_body_topleft_sprite:   Generation command is [exec /tools/intel/intelFPGA/21.1/quartus/linux64/perl/bin/perl -I /tools/intel/intelFPGA/21.1/quartus/linux64/perl/lib -I /tools/intel/intelFPGA/21.1/quartus/sopc_builder/bin/europa -I /tools/intel/intelFPGA/21.1/quartus/sopc_builder/bin -I /tools/intel/intelFPGA/21.1/quartus/../ip/altera/sopc_builder_ip/common -I /tools/intel/intelFPGA/21.1/quartus/../ip/altera/sopc_builder_ip/altera_avalon_onchip_memory2 -- /tools/intel/intelFPGA/21.1/quartus/../ip/altera/sopc_builder_ip/altera_avalon_onchip_memory2/generate_rtl.pl --name=soc_system_snake_body_topleft_sprite --dir=/tmp/alt9842_6298111097788293656.dir/0006_snake_body_topleft_sprite_gen/ --quartus_dir=/tools/intel/intelFPGA/21.1/quartus --verilog --config=/tmp/alt9842_6298111097788293656.dir/0006_snake_body_topleft_sprite_gen//soc_system_snake_body_topleft_sprite_component_configuration.pl  --do_build_sim=0  ]
Info: snake_body_topleft_sprite: Done RTL generation for module 'soc_system_snake_body_topleft_sprite'
Info: snake_body_topleft_sprite: "soc_system" instantiated altera_avalon_onchip_memory2 "snake_body_topleft_sprite"
Info: snake_body_topright_sprite: Starting RTL generation for module 'soc_system_snake_body_topright_sprite'
Info: snake_body_topright_sprite:   Generation command is [exec /tools/intel/intelFPGA/21.1/quartus/linux64/perl/bin/perl -I /tools/intel/intelFPGA/21.1/quartus/linux64/perl/lib -I /tools/intel/intelFPGA/21.1/quartus/sopc_builder/bin/europa -I /tools/intel/intelFPGA/21.1/quartus/sopc_builder/bin -I /tools/intel/intelFPGA/21.1/quartus/../ip/altera/sopc_builder_ip/common -I /tools/intel/intelFPGA/21.1/quartus/../ip/altera/sopc_builder_ip/altera_avalon_onchip_memory2 -- /tools/intel/intelFPGA/21.1/quartus/../ip/altera/sopc_builder_ip/altera_avalon_onchip_memory2/generate_rtl.pl --name=soc_system_snake_body_topright_sprite --dir=/tmp/alt9842_6298111097788293656.dir/0007_snake_body_topright_sprite_gen/ --quartus_dir=/tools/intel/intelFPGA/21.1/quartus --verilog --config=/tmp/alt9842_6298111097788293656.dir/0007_snake_body_topright_sprite_gen//soc_system_snake_body_topright_sprite_component_configuration.pl  --do_build_sim=0  ]
Info: snake_body_topright_sprite: Done RTL generation for module 'soc_system_snake_body_topright_sprite'
Info: snake_body_topright_sprite: "soc_system" instantiated altera_avalon_onchip_memory2 "snake_body_topright_sprite"
Info: snake_body_vertical_sprite: Starting RTL generation for module 'soc_system_snake_body_vertical_sprite'
Info: snake_body_vertical_sprite:   Generation command is [exec /tools/intel/intelFPGA/21.1/quartus/linux64/perl/bin/perl -I /tools/intel/intelFPGA/21.1/quartus/linux64/perl/lib -I /tools/intel/intelFPGA/21.1/quartus/sopc_builder/bin/europa -I /tools/intel/intelFPGA/21.1/quartus/sopc_builder/bin -I /tools/intel/intelFPGA/21.1/quartus/../ip/altera/sopc_builder_ip/common -I /tools/intel/intelFPGA/21.1/quartus/../ip/altera/sopc_builder_ip/altera_avalon_onchip_memory2 -- /tools/intel/intelFPGA/21.1/quartus/../ip/altera/sopc_builder_ip/altera_avalon_onchip_memory2/generate_rtl.pl --name=soc_system_snake_body_vertical_sprite --dir=/tmp/alt9842_6298111097788293656.dir/0008_snake_body_vertical_sprite_gen/ --quartus_dir=/tools/intel/intelFPGA/21.1/quartus --verilog --config=/tmp/alt9842_6298111097788293656.dir/0008_snake_body_vertical_sprite_gen//soc_system_snake_body_vertical_sprite_component_configuration.pl  --do_build_sim=0  ]
Info: snake_body_vertical_sprite: Done RTL generation for module 'soc_system_snake_body_vertical_sprite'
Info: snake_body_vertical_sprite: "soc_system" instantiated altera_avalon_onchip_memory2 "snake_body_vertical_sprite"
Info: snake_head_down_sprite: Starting RTL generation for module 'soc_system_snake_head_down_sprite'
Info: snake_head_down_sprite:   Generation command is [exec /tools/intel/intelFPGA/21.1/quartus/linux64/perl/bin/perl -I /tools/intel/intelFPGA/21.1/quartus/linux64/perl/lib -I /tools/intel/intelFPGA/21.1/quartus/sopc_builder/bin/europa -I /tools/intel/intelFPGA/21.1/quartus/sopc_builder/bin -I /tools/intel/intelFPGA/21.1/quartus/../ip/altera/sopc_builder_ip/common -I /tools/intel/intelFPGA/21.1/quartus/../ip/altera/sopc_builder_ip/altera_avalon_onchip_memory2 -- /tools/intel/intelFPGA/21.1/quartus/../ip/altera/sopc_builder_ip/altera_avalon_onchip_memory2/generate_rtl.pl --name=soc_system_snake_head_down_sprite --dir=/tmp/alt9842_6298111097788293656.dir/0009_snake_head_down_sprite_gen/ --quartus_dir=/tools/intel/intelFPGA/21.1/quartus --verilog --config=/tmp/alt9842_6298111097788293656.dir/0009_snake_head_down_sprite_gen//soc_system_snake_head_down_sprite_component_configuration.pl  --do_build_sim=0  ]
Info: snake_head_down_sprite: Done RTL generation for module 'soc_system_snake_head_down_sprite'
Info: snake_head_down_sprite: "soc_system" instantiated altera_avalon_onchip_memory2 "snake_head_down_sprite"
Info: snake_head_left_sprite: Starting RTL generation for module 'soc_system_snake_head_left_sprite'
Info: snake_head_left_sprite:   Generation command is [exec /tools/intel/intelFPGA/21.1/quartus/linux64/perl/bin/perl -I /tools/intel/intelFPGA/21.1/quartus/linux64/perl/lib -I /tools/intel/intelFPGA/21.1/quartus/sopc_builder/bin/europa -I /tools/intel/intelFPGA/21.1/quartus/sopc_builder/bin -I /tools/intel/intelFPGA/21.1/quartus/../ip/altera/sopc_builder_ip/common -I /tools/intel/intelFPGA/21.1/quartus/../ip/altera/sopc_builder_ip/altera_avalon_onchip_memory2 -- /tools/intel/intelFPGA/21.1/quartus/../ip/altera/sopc_builder_ip/altera_avalon_onchip_memory2/generate_rtl.pl --name=soc_system_snake_head_left_sprite --dir=/tmp/alt9842_6298111097788293656.dir/0010_snake_head_left_sprite_gen/ --quartus_dir=/tools/intel/intelFPGA/21.1/quartus --verilog --config=/tmp/alt9842_6298111097788293656.dir/0010_snake_head_left_sprite_gen//soc_system_snake_head_left_sprite_component_configuration.pl  --do_build_sim=0  ]
Info: snake_head_left_sprite: Done RTL generation for module 'soc_system_snake_head_left_sprite'
Info: snake_head_left_sprite: "soc_system" instantiated altera_avalon_onchip_memory2 "snake_head_left_sprite"
Info: snake_head_right_sprite: Starting RTL generation for module 'soc_system_snake_head_right_sprite'
Info: snake_head_right_sprite:   Generation command is [exec /tools/intel/intelFPGA/21.1/quartus/linux64/perl/bin/perl -I /tools/intel/intelFPGA/21.1/quartus/linux64/perl/lib -I /tools/intel/intelFPGA/21.1/quartus/sopc_builder/bin/europa -I /tools/intel/intelFPGA/21.1/quartus/sopc_builder/bin -I /tools/intel/intelFPGA/21.1/quartus/../ip/altera/sopc_builder_ip/common -I /tools/intel/intelFPGA/21.1/quartus/../ip/altera/sopc_builder_ip/altera_avalon_onchip_memory2 -- /tools/intel/intelFPGA/21.1/quartus/../ip/altera/sopc_builder_ip/altera_avalon_onchip_memory2/generate_rtl.pl --name=soc_system_snake_head_right_sprite --dir=/tmp/alt9842_6298111097788293656.dir/0011_snake_head_right_sprite_gen/ --quartus_dir=/tools/intel/intelFPGA/21.1/quartus --verilog --config=/tmp/alt9842_6298111097788293656.dir/0011_snake_head_right_sprite_gen//soc_system_snake_head_right_sprite_component_configuration.pl  --do_build_sim=0  ]
Info: snake_head_right_sprite: Done RTL generation for module 'soc_system_snake_head_right_sprite'
Info: snake_head_right_sprite: "soc_system" instantiated altera_avalon_onchip_memory2 "snake_head_right_sprite"
Info: snake_head_up_sprite: Starting RTL generation for module 'soc_system_snake_head_up_sprite'
Info: snake_head_up_sprite:   Generation command is [exec /tools/intel/intelFPGA/21.1/quartus/linux64/perl/bin/perl -I /tools/intel/intelFPGA/21.1/quartus/linux64/perl/lib -I /tools/intel/intelFPGA/21.1/quartus/sopc_builder/bin/europa -I /tools/intel/intelFPGA/21.1/quartus/sopc_builder/bin -I /tools/intel/intelFPGA/21.1/quartus/../ip/altera/sopc_builder_ip/common -I /tools/intel/intelFPGA/21.1/quartus/../ip/altera/sopc_builder_ip/altera_avalon_onchip_memory2 -- /tools/intel/intelFPGA/21.1/quartus/../ip/altera/sopc_builder_ip/altera_avalon_onchip_memory2/generate_rtl.pl --name=soc_system_snake_head_up_sprite --dir=/tmp/alt9842_6298111097788293656.dir/0012_snake_head_up_sprite_gen/ --quartus_dir=/tools/intel/intelFPGA/21.1/quartus --verilog --config=/tmp/alt9842_6298111097788293656.dir/0012_snake_head_up_sprite_gen//soc_system_snake_head_up_sprite_component_configuration.pl  --do_build_sim=0  ]
Info: snake_head_up_sprite: Done RTL generation for module 'soc_system_snake_head_up_sprite'
Info: snake_head_up_sprite: "soc_system" instantiated altera_avalon_onchip_memory2 "snake_head_up_sprite"
Info: snake_tail_down_sprite: Starting RTL generation for module 'soc_system_snake_tail_down_sprite'
Info: snake_tail_down_sprite:   Generation command is [exec /tools/intel/intelFPGA/21.1/quartus/linux64/perl/bin/perl -I /tools/intel/intelFPGA/21.1/quartus/linux64/perl/lib -I /tools/intel/intelFPGA/21.1/quartus/sopc_builder/bin/europa -I /tools/intel/intelFPGA/21.1/quartus/sopc_builder/bin -I /tools/intel/intelFPGA/21.1/quartus/../ip/altera/sopc_builder_ip/common -I /tools/intel/intelFPGA/21.1/quartus/../ip/altera/sopc_builder_ip/altera_avalon_onchip_memory2 -- /tools/intel/intelFPGA/21.1/quartus/../ip/altera/sopc_builder_ip/altera_avalon_onchip_memory2/generate_rtl.pl --name=soc_system_snake_tail_down_sprite --dir=/tmp/alt9842_6298111097788293656.dir/0013_snake_tail_down_sprite_gen/ --quartus_dir=/tools/intel/intelFPGA/21.1/quartus --verilog --config=/tmp/alt9842_6298111097788293656.dir/0013_snake_tail_down_sprite_gen//soc_system_snake_tail_down_sprite_component_configuration.pl  --do_build_sim=0  ]
Info: snake_tail_down_sprite: Done RTL generation for module 'soc_system_snake_tail_down_sprite'
Info: snake_tail_down_sprite: "soc_system" instantiated altera_avalon_onchip_memory2 "snake_tail_down_sprite"
Info: snake_tail_left_sprite: Starting RTL generation for module 'soc_system_snake_tail_left_sprite'
Info: snake_tail_left_sprite:   Generation command is [exec /tools/intel/intelFPGA/21.1/quartus/linux64/perl/bin/perl -I /tools/intel/intelFPGA/21.1/quartus/linux64/perl/lib -I /tools/intel/intelFPGA/21.1/quartus/sopc_builder/bin/europa -I /tools/intel/intelFPGA/21.1/quartus/sopc_builder/bin -I /tools/intel/intelFPGA/21.1/quartus/../ip/altera/sopc_builder_ip/common -I /tools/intel/intelFPGA/21.1/quartus/../ip/altera/sopc_builder_ip/altera_avalon_onchip_memory2 -- /tools/intel/intelFPGA/21.1/quartus/../ip/altera/sopc_builder_ip/altera_avalon_onchip_memory2/generate_rtl.pl --name=soc_system_snake_tail_left_sprite --dir=/tmp/alt9842_6298111097788293656.dir/0014_snake_tail_left_sprite_gen/ --quartus_dir=/tools/intel/intelFPGA/21.1/quartus --verilog --config=/tmp/alt9842_6298111097788293656.dir/0014_snake_tail_left_sprite_gen//soc_system_snake_tail_left_sprite_component_configuration.pl  --do_build_sim=0  ]
Info: snake_tail_left_sprite: Done RTL generation for module 'soc_system_snake_tail_left_sprite'
Info: snake_tail_left_sprite: "soc_system" instantiated altera_avalon_onchip_memory2 "snake_tail_left_sprite"
Info: snake_tail_right_sprite: Starting RTL generation for module 'soc_system_snake_tail_right_sprite'
Info: snake_tail_right_sprite:   Generation command is [exec /tools/intel/intelFPGA/21.1/quartus/linux64/perl/bin/perl -I /tools/intel/intelFPGA/21.1/quartus/linux64/perl/lib -I /tools/intel/intelFPGA/21.1/quartus/sopc_builder/bin/europa -I /tools/intel/intelFPGA/21.1/quartus/sopc_builder/bin -I /tools/intel/intelFPGA/21.1/quartus/../ip/altera/sopc_builder_ip/common -I /tools/intel/intelFPGA/21.1/quartus/../ip/altera/sopc_builder_ip/altera_avalon_onchip_memory2 -- /tools/intel/intelFPGA/21.1/quartus/../ip/altera/sopc_builder_ip/altera_avalon_onchip_memory2/generate_rtl.pl --name=soc_system_snake_tail_right_sprite --dir=/tmp/alt9842_6298111097788293656.dir/0015_snake_tail_right_sprite_gen/ --quartus_dir=/tools/intel/intelFPGA/21.1/quartus --verilog --config=/tmp/alt9842_6298111097788293656.dir/0015_snake_tail_right_sprite_gen//soc_system_snake_tail_right_sprite_component_configuration.pl  --do_build_sim=0  ]
Info: snake_tail_right_sprite: Done RTL generation for module 'soc_system_snake_tail_right_sprite'
Info: snake_tail_right_sprite: "soc_system" instantiated altera_avalon_onchip_memory2 "snake_tail_right_sprite"
Info: snake_tail_up_sprite: Starting RTL generation for module 'soc_system_snake_tail_up_sprite'
Info: snake_tail_up_sprite:   Generation command is [exec /tools/intel/intelFPGA/21.1/quartus/linux64/perl/bin/perl -I /tools/intel/intelFPGA/21.1/quartus/linux64/perl/lib -I /tools/intel/intelFPGA/21.1/quartus/sopc_builder/bin/europa -I /tools/intel/intelFPGA/21.1/quartus/sopc_builder/bin -I /tools/intel/intelFPGA/21.1/quartus/../ip/altera/sopc_builder_ip/common -I /tools/intel/intelFPGA/21.1/quartus/../ip/altera/sopc_builder_ip/altera_avalon_onchip_memory2 -- /tools/intel/intelFPGA/21.1/quartus/../ip/altera/sopc_builder_ip/altera_avalon_onchip_memory2/generate_rtl.pl --name=soc_system_snake_tail_up_sprite --dir=/tmp/alt9842_6298111097788293656.dir/0016_snake_tail_up_sprite_gen/ --quartus_dir=/tools/intel/intelFPGA/21.1/quartus --verilog --config=/tmp/alt9842_6298111097788293656.dir/0016_snake_tail_up_sprite_gen//soc_system_snake_tail_up_sprite_component_configuration.pl  --do_build_sim=0  ]
Info: snake_tail_up_sprite: Done RTL generation for module 'soc_system_snake_tail_up_sprite'
Info: snake_tail_up_sprite: "soc_system" instantiated altera_avalon_onchip_memory2 "snake_tail_up_sprite"
Info: vga_ball_0: "soc_system" instantiated vga_ball "vga_ball_0"
Info: wall_sprite: Starting RTL generation for module 'soc_system_wall_sprite'
Info: wall_sprite:   Generation command is [exec /tools/intel/intelFPGA/21.1/quartus/linux64/perl/bin/perl -I /tools/intel/intelFPGA/21.1/quartus/linux64/perl/lib -I /tools/intel/intelFPGA/21.1/quartus/sopc_builder/bin/europa -I /tools/intel/intelFPGA/21.1/quartus/sopc_builder/bin -I /tools/intel/intelFPGA/21.1/quartus/../ip/altera/sopc_builder_ip/common -I /tools/intel/intelFPGA/21.1/quartus/../ip/altera/sopc_builder_ip/altera_avalon_onchip_memory2 -- /tools/intel/intelFPGA/21.1/quartus/../ip/altera/sopc_builder_ip/altera_avalon_onchip_memory2/generate_rtl.pl --name=soc_system_wall_sprite --dir=/tmp/alt9842_6298111097788293656.dir/0018_wall_sprite_gen/ --quartus_dir=/tools/intel/intelFPGA/21.1/quartus --verilog --config=/tmp/alt9842_6298111097788293656.dir/0018_wall_sprite_gen//soc_system_wall_sprite_component_configuration.pl  --do_build_sim=0  ]
Info: wall_sprite: Done RTL generation for module 'soc_system_wall_sprite'
Info: wall_sprite: "soc_system" instantiated altera_avalon_onchip_memory2 "wall_sprite"
Info: avalon_st_adapter: Inserting error_adapter: error_adapter_0
Info: mm_interconnect_0: "soc_system" instantiated altera_mm_interconnect "mm_interconnect_0"
Info: avalon_st_adapter: Inserting error_adapter: error_adapter_0
Info: mm_interconnect_1: "soc_system" instantiated altera_mm_interconnect "mm_interconnect_1"
Info: irq_mapper: "soc_system" instantiated altera_irq_mapper "irq_mapper"
Info: rst_controller: "soc_system" instantiated altera_reset_controller "rst_controller"
Info: fpga_interfaces: "hps_0" instantiated altera_interface_generator "fpga_interfaces"
Info: hps_io: "hps_0" instantiated altera_hps_io "hps_io"
Info: snake_tail_up_sprite_s1_translator: "mm_interconnect_0" instantiated altera_merlin_slave_translator "snake_tail_up_sprite_s1_translator"
Info: hps_0_h2f_axi_master_agent: "mm_interconnect_0" instantiated altera_merlin_axi_master_ni "hps_0_h2f_axi_master_agent"
Info: snake_tail_up_sprite_s1_agent: "mm_interconnect_0" instantiated altera_merlin_slave_agent "snake_tail_up_sprite_s1_agent"
Info: snake_tail_up_sprite_s1_agent_rsp_fifo: "mm_interconnect_0" instantiated altera_avalon_sc_fifo "snake_tail_up_sprite_s1_agent_rsp_fifo"
Info: router: "mm_interconnect_0" instantiated altera_merlin_router "router"
Info: router_002: "mm_interconnect_0" instantiated altera_merlin_router "router_002"
Info: snake_tail_up_sprite_s1_burst_adapter: "mm_interconnect_0" instantiated altera_merlin_burst_adapter "snake_tail_up_sprite_s1_burst_adapter"
Info: Reusing file /homes/user/stud/fall22/sm5169/Documents/embedded/Embedded-System-Final-Project/lab3-hw/soc_system/synthesis/submodules/altera_merlin_address_alignment.sv
Info: cmd_demux: "mm_interconnect_0" instantiated altera_merlin_demultiplexer "cmd_demux"
Info: cmd_mux: "mm_interconnect_0" instantiated altera_merlin_multiplexer "cmd_mux"
Info: rsp_demux: "mm_interconnect_0" instantiated altera_merlin_demultiplexer "rsp_demux"
Info: rsp_mux: "mm_interconnect_0" instantiated altera_merlin_multiplexer "rsp_mux"
Info: Reusing file /homes/user/stud/fall22/sm5169/Documents/embedded/Embedded-System-Final-Project/lab3-hw/soc_system/synthesis/submodules/altera_merlin_arbitrator.sv
Info: snake_tail_up_sprite_s1_rsp_width_adapter: "mm_interconnect_0" instantiated altera_merlin_width_adapter "snake_tail_up_sprite_s1_rsp_width_adapter"
Info: Reusing file /homes/user/stud/fall22/sm5169/Documents/embedded/Embedded-System-Final-Project/lab3-hw/soc_system/synthesis/submodules/altera_merlin_address_alignment.sv
Info: Reusing file /homes/user/stud/fall22/sm5169/Documents/embedded/Embedded-System-Final-Project/lab3-hw/soc_system/synthesis/submodules/altera_merlin_burst_uncompressor.sv
Info: avalon_st_adapter: "mm_interconnect_0" instantiated altera_avalon_st_adapter "avalon_st_adapter"
Info: router: "mm_interconnect_1" instantiated altera_merlin_router "router"
Info: router_002: "mm_interconnect_1" instantiated altera_merlin_router "router_002"
Info: cmd_demux: "mm_interconnect_1" instantiated altera_merlin_demultiplexer "cmd_demux"
Info: cmd_mux: "mm_interconnect_1" instantiated altera_merlin_multiplexer "cmd_mux"
Info: Reusing file /homes/user/stud/fall22/sm5169/Documents/embedded/Embedded-System-Final-Project/lab3-hw/soc_system/synthesis/submodules/altera_merlin_arbitrator.sv
Info: rsp_demux: "mm_interconnect_1" instantiated altera_merlin_demultiplexer "rsp_demux"
Info: rsp_mux: "mm_interconnect_1" instantiated altera_merlin_multiplexer "rsp_mux"
Info: Reusing file /homes/user/stud/fall22/sm5169/Documents/embedded/Embedded-System-Final-Project/lab3-hw/soc_system/synthesis/submodules/altera_merlin_arbitrator.sv
Info: avalon_st_adapter: "mm_interconnect_1" instantiated altera_avalon_st_adapter "avalon_st_adapter"
Info: border: "hps_io" instantiated altera_interface_generator "border"
Info: error_adapter_0: "avalon_st_adapter" instantiated error_adapter "error_adapter_0"
Info: error_adapter_0: "avalon_st_adapter" instantiated error_adapter "error_adapter_0"
Info: soc_system: Done "soc_system" with 48 modules, 105 files
Info: qsys-generate succeeded.
Info: Finished: Create HDL design files for synthesis
